title
"Average Memory Reserved Weighted By Wall Hours (Bytes): by System Username"
parameters

start,end
2018-04-18,2018-04-30
---------
Year,"[aytinis] Average Memory Reserved Weighted By Wall Hours (Bytes)","[reebu] Average Memory Reserved Weighted By Wall Hours (Bytes)","[yenal] Average Memory Reserved Weighted By Wall Hours (Bytes)"
2018,5597586865.0629,4472021504.9981,3626414819.0708
---------
