title
"Number of Active Sessions: by System Username"
parameters

start,end
2018-04-18,2018-04-30
---------
"System Username","Number of Active Sessions (Number of Sessions)"
yerwa,35
setusca,9
ylwwa,6
Unknown,3
---------
