title
"Core Hours: Total: by User"
parameters

start,end
2018-04-18,2018-04-30
---------
User,"Core Hours: Total"
"Warbler, Yellow-rumped",1308.3361
"Warbler, Yellow",441.2006
"Warbler, Blackburnian",3.6375
Unknown,0.9903
---------
