title
"Average Root Volume Storage Reserved Weighted By Wall Hours (Bytes): by VM Host"
parameters

start,end
2018-04-18,2018-04-30
---------
Day,"[srv-p24-32.cbls.ccr.buffalo.edu] Average Root Volume Storage Reserved Weighted By Wall Hours (Bytes)","[srv-p24-33.cbls.ccr.buffalo.edu] Average Root Volume Storage Reserved Weighted By Wall Hours (Bytes)","[srv-p24-34.cbls.ccr.buffalo.edu] Average Root Volume Storage Reserved Weighted By Wall Hours (Bytes)","[srv-p24-35.cbls.ccr.buffalo.edu] Average Root Volume Storage Reserved Weighted By Wall Hours (Bytes)","[srv-p24-36.cbls.ccr.buffalo.edu] Average Root Volume Storage Reserved Weighted By Wall Hours (Bytes)"
2018-04-18,21474836480.0000,21474836480.0000,21474836480.0000,21474836480.0000,21474836480.0000
2018-04-19,21474836480.0000,21474836480.0000,21474836480.0000,21474836480.0000,21474836480.0000
2018-04-20,21474836480.0000,21474836480.0000,21474836480.0000,21474836480.0000,21474836480.0000
2018-04-21,21474836480.0000,21474836480.0000,0,21474836480.0000,21474836480.0000
2018-04-22,21474836480.0000,21474836480.0000,0,21474836480.0000,21474836480.0000
2018-04-23,21474836480.0000,21474836480.0000,0,21474836480.0000,21474836480.0000
2018-04-24,21474836480.0000,21474836480.0000,0,21474836480.0000,21474836480.0000
2018-04-25,21474836480.0000,21474836480.0000,0,21474836480.0000,21474836480.0000
2018-04-26,21474836480.0000,21474836480.0000,21474836480.0000,21474836480.0000,21474836480.0000
2018-04-27,21474836480.0000,21474836480.0000,21474836480.0000,21474836480.0000,21474836480.0000
2018-04-28,0,21474836480.0000,21474836480.0000,21474836480.0000,21474836480.0000
2018-04-29,0,21474836480.0000,21474836480.0000,21474836480.0000,21474836480.0000
2018-04-30,21474836480.0000,21474836480.0000,21474836480.0000,21474836480.0000,21474836480.0000
---------
