title
"Core Hours: Total: by System Username"
parameters

start,end
2018-04-18,2018-04-30
---------
"System Username","Core Hours: Total"
yerwa,1308.3361
ylwwa,441.2006
setusca,3.6375
Unknown,0.9903
---------
