title
"Wall Hours: Total: by System Username"
parameters

start,end
2018-04-18,2018-04-30
---------
Month,"[aytinis] Wall Hours: Total","[reebu] Wall Hours: Total","[yenal] Wall Hours: Total"
2018-04,1003.4189,219.0086,4.4983
---------
