title
"Core Hour Utilization (%): by VM Host"
parameters

start,end
2018-04-18,2018-04-30
---------
Month,"[srv-p24-32.cbls.ccr.buffalo.edu] Core Hour Utilization (%)","[srv-p24-34.cbls.ccr.buffalo.edu] Core Hour Utilization (%)","[srv-p24-36.cbls.ccr.buffalo.edu] Core Hour Utilization (%)","[srv-p24-35.cbls.ccr.buffalo.edu] Core Hour Utilization (%)","[srv-p24-33.cbls.ccr.buffalo.edu] Core Hour Utilization (%)"
2018-04,0.3866,0.3802,0.2660,0.2563,0.2463
---------
