title
"Core Hour Utilization (%): by VM Host"
parameters

start,end
2018-04-18,2018-04-30
---------
Year,"[srv-p24-32.cbls.ccr.buffalo.edu (OpenStack)] Core Hour Utilization (%)","[srv-p24-34.cbls.ccr.buffalo.edu (OpenStack)] Core Hour Utilization (%)","[srv-p24-36.cbls.ccr.buffalo.edu (OpenStack)] Core Hour Utilization (%)","[srv-p24-35.cbls.ccr.buffalo.edu (OpenStack)] Core Hour Utilization (%)","[srv-p24-33.cbls.ccr.buffalo.edu (OpenStack)] Core Hour Utilization (%)"
2018,0.0202,0.0199,0.0139,0.0134,0.0129
---------
