title
"Core Hour Utilization (%): by VM Host"
parameters

start,end
2018-04-18,2018-04-30
---------
Quarter,"[srv-p24-32.cbls.ccr.buffalo.edu] Core Hour Utilization (%)","[srv-p24-34.cbls.ccr.buffalo.edu] Core Hour Utilization (%)","[srv-p24-36.cbls.ccr.buffalo.edu] Core Hour Utilization (%)","[srv-p24-35.cbls.ccr.buffalo.edu] Core Hour Utilization (%)","[srv-p24-33.cbls.ccr.buffalo.edu] Core Hour Utilization (%)"
"2018 Q2",0.0702,0.0690,0.0483,0.0465,0.0447
---------
