title
"Average Wall Hours per Session: by System Username"
parameters

start,end
2018-04-18,2018-04-30
---------
"System Username","Average Wall Hours per Session"
reebu,36.50143519
aytinis,27.87274691
yenal,0.40893939
---------
