title
"Number of Sessions Ended: by System Username"
parameters

start,end
2018-04-18,2018-04-30
---------
Year,"[yerwa] Number of Sessions Ended","[setusca] Number of Sessions Ended","[ylwwa] Number of Sessions Ended","[Unknown] Number of Sessions Ended"
2018,35,9,6,3
---------
