title
"Average Memory Reserved Weighted By Wall Hours (Bytes): by VM Host"
parameters

start,end
2018-04-18,2018-04-30
---------
Year,"[srv-p24-34.cbls.ccr.buffalo.edu (OpenStack)] Average Memory Reserved Weighted By Wall Hours (Bytes)","[srv-p24-36.cbls.ccr.buffalo.edu (OpenStack)] Average Memory Reserved Weighted By Wall Hours (Bytes)","[srv-p24-32.cbls.ccr.buffalo.edu (OpenStack)] Average Memory Reserved Weighted By Wall Hours (Bytes)","[srv-p24-33.cbls.ccr.buffalo.edu (OpenStack)] Average Memory Reserved Weighted By Wall Hours (Bytes)","[srv-p24-35.cbls.ccr.buffalo.edu (OpenStack)] Average Memory Reserved Weighted By Wall Hours (Bytes)"
2018,14826349034.0999,4428036843.2227,4299003679.5060,4294312904.2523,4222945599.0469
---------
