title
"Average Memory Reserved Weighted By Wall Hours (Bytes): by VM Host"
parameters

start,end
2018-04-18,2018-04-30
---------
Day,"[srv-p24-34.cbls.ccr.buffalo.edu (OpenStack)] Average Memory Reserved Weighted By Wall Hours (Bytes)","[srv-p24-36.cbls.ccr.buffalo.edu (OpenStack)] Average Memory Reserved Weighted By Wall Hours (Bytes)","[srv-p24-32.cbls.ccr.buffalo.edu (OpenStack)] Average Memory Reserved Weighted By Wall Hours (Bytes)","[srv-p24-33.cbls.ccr.buffalo.edu (OpenStack)] Average Memory Reserved Weighted By Wall Hours (Bytes)","[srv-p24-35.cbls.ccr.buffalo.edu (OpenStack)] Average Memory Reserved Weighted By Wall Hours (Bytes)"
2018-04-18,7931526150.1578,9384914658.2532,4397219366.0267,4294967296.0000,4294967296.0000
2018-04-19,4294967296.0000,4294967296.0000,4294967296.0000,4285630141.2782,4198197807.1372
2018-04-20,4294967296.0000,4294967296.0000,4294967296.0000,4294967296.0000,4294967296.0000
2018-04-21,0,4294967296.0000,4294967296.0000,4294967296.0000,4294967296.0000
2018-04-22,0,4294967296.0000,4294967296.0000,4294967296.0000,4294967296.0000
2018-04-23,0,4294967296.0000,4294967296.0000,4294967296.0000,4294967296.0000
2018-04-24,0,4294967296.0000,4294967296.0000,4294967296.0000,4294967296.0000
2018-04-25,0,4294967296.0000,4294967296.0000,4294967296.0000,4294967296.0000
2018-04-26,16312292796.6799,4294967296.0000,4294967296.0000,4294967296.0000,4294967296.0000
2018-04-27,17179869184.0000,4294967296.0000,4294967296.0000,4294967296.0000,3679335480.0825
2018-04-28,17179869184.0000,4294967296.0000,0,4294967296.0000,4294967296.0000
2018-04-29,17179869184.0000,4294967296.0000,0,4294967296.0000,4294967296.0000
2018-04-30,17179869184.0000,4294967296.0000,4294967296.0000,4294967296.0000,4294967296.0000
---------
