title
"Wall Hours: Total: by User"
parameters

start,end
2018-04-18,2018-04-30
---------
Quarter,"[Scaup, Lesser] Wall Hours: Total","[Bunting, Reed] Wall Hours: Total","[Albatross, Yellow-nosed] Wall Hours: Total"
"2018 Q2",1003.4189,219.0086,4.4983
---------
