title
"Average Root Volume Storage Reserved Weighted By Wall Hours (Bytes): by System Username"
parameters

start,end
2018-04-18,2018-04-30
---------
Month,"[aytinis] Average Root Volume Storage Reserved Weighted By Wall Hours (Bytes)","[reebu] Average Root Volume Storage Reserved Weighted By Wall Hours (Bytes)","[yenal] Average Root Volume Storage Reserved Weighted By Wall Hours (Bytes)"
2018-04,21474836480.0000,21474836480.0000,21474836480.0000
---------
