title
"Average Wall Hours per Session: by User"
parameters

start,end
2018-04-18,2018-04-30
---------
Quarter,"[Bunting, Reed] Average Wall Hours per Session","[Scaup, Lesser] Average Wall Hours per Session","[Albatross, Yellow-nosed] Average Wall Hours per Session"
"2018 Q2",36.50143519,27.87274691,0.40893939
---------
