title
"Number of Sessions Started: by System Username"
parameters

start,end
2018-04-18,2018-04-30
---------
Quarter,"[aytinis] Number of Sessions Started","[yenal] Number of Sessions Started","[reebu] Number of Sessions Started"
"2018 Q2",36,11,6
---------
