title
"Number of Active Sessions: by User"
parameters

start,end
2018-04-18,2018-04-30
---------
User,"Number of Active Sessions (Number of Sessions)"
"Scaup, Lesser",36
"Albatross, Yellow-nosed",11
"Bunting, Reed",6
---------
