title
"Number of Active Sessions: by User"
parameters

start,end
2018-04-18,2018-04-30
---------
Year,"[Scaup, Lesser] Number of Active Sessions (Number of Sessions)","[Albatross, Yellow-nosed] Number of Active Sessions (Number of Sessions)","[Bunting, Reed] Number of Active Sessions (Number of Sessions)"
2018,36,11,6
---------
