title
"Number of Sessions Started: by VM Host"
parameters

start,end
2018-04-18,2018-04-30
---------
"VM Host","Number of Sessions Started"
srv-p24-33.cbls.ccr.buffalo.edu,14
srv-p24-34.cbls.ccr.buffalo.edu,14
srv-p24-35.cbls.ccr.buffalo.edu,14
srv-p24-32.cbls.ccr.buffalo.edu,7
srv-p24-36.cbls.ccr.buffalo.edu,4
---------
