title
"Number of Sessions Ended: by User"
parameters

start,end
2018-04-18,2018-04-30
---------
User,"Number of Sessions Ended"
"Warbler, Yellow-rumped",35
"Warbler, Blackburnian",9
"Warbler, Yellow",6
Unknown,3
---------
