title
"Average Wall Hours per Session: by User"
parameters

start,end
2018-04-18,2018-04-30
---------
Year,"[Warbler, Yellow] Average Wall Hours per Session","[Warbler, Yellow-rumped] Average Wall Hours per Session","[Warbler, Blackburnian] Average Wall Hours per Session","[Unknown] Average Wall Hours per Session"
2018,36.50143519,28.66541270,0.40416667,0.33009259
---------
