title
"Core Hours: Total: by System Username"
parameters

start,end
2018-04-18,2018-04-30
---------
Quarter,"[aytinis] Core Hours: Total","[reebu] Core Hours: Total","[yenal] Core Hours: Total"
"2018 Q2",1308.4656,441.2006,4.4983
---------
