title
"Number of Sessions Ended: by System Username"
parameters

start,end
2018-04-18,2018-04-30
---------
Month,"[aytinis] Number of Sessions Ended","[yenal] Number of Sessions Ended","[reebu] Number of Sessions Ended"
2018-04,36,11,6
---------
