title
"Average Memory Reserved Weighted By Wall Hours (Bytes): by User"
parameters

start,end
2018-04-18,2018-04-30
---------
User,"Average Memory Reserved Weighted By Wall Hours (Bytes)"
"Scaup, Lesser",5597586865.0629
"Bunting, Reed",4472021504.9981
"Albatross, Yellow-nosed",3626414819.0708
---------
