title
"Core Hours: Total: by User"
parameters

start,end
2018-04-18,2018-04-30
---------
Quarter,"[Scaup, Lesser] Core Hours: Total","[Bunting, Reed] Core Hours: Total","[Albatross, Yellow-nosed] Core Hours: Total"
"2018 Q2",1308.4656,441.2006,4.4983
---------
