title
"Number of Active Sessions: by System Username"
parameters

start,end
2018-04-18,2018-04-30
---------
Year,"[aytinis] Number of Active Sessions (Number of Sessions)","[yenal] Number of Active Sessions (Number of Sessions)","[reebu] Number of Active Sessions (Number of Sessions)"
2018,36,11,6
---------
