title
"Average Wall Hours per Session: by System Username"
parameters

start,end
2018-04-18,2018-04-30
---------
"System Username","Average Wall Hours per Session"
ylwwa,36.50143519
yerwa,28.66541270
setusca,0.40416667
Unknown,0.33009259
---------
