title
"Core Hours: Total: by VM Host"
parameters

start,end
2018-04-18,2018-04-30
---------
"VM Host","Core Hours: Total"
"srv-p24-32.cbls.ccr.buffalo.edu (OpenStack)",441.6928
"srv-p24-34.cbls.ccr.buffalo.edu (OpenStack)",434.3922
"srv-p24-36.cbls.ccr.buffalo.edu (OpenStack)",303.8386
"srv-p24-35.cbls.ccr.buffalo.edu (OpenStack)",292.8419
"srv-p24-33.cbls.ccr.buffalo.edu (OpenStack)",281.3778
---------
