title
"Wall Hours: Total: by System Username"
parameters

start,end
2018-04-18,2018-04-30
---------
"System Username","Wall Hours: Total"
yerwa,1003.2894
ylwwa,219.0086
setusca,3.6375
Unknown,0.9903
---------
