title
"Number of Sessions Started: by User"
parameters

start,end
2018-04-18,2018-04-30
---------
Year,"[Scaup, Lesser] Number of Sessions Started","[Albatross, Yellow-nosed] Number of Sessions Started","[Bunting, Reed] Number of Sessions Started"
2018,36,11,6
---------
