title
"Number of Sessions Started: by User"
parameters

start,end
2018-04-18,2018-04-30
---------
Quarter,"[Scaup, Lesser] Number of Sessions Started","[Albatross, Yellow-nosed] Number of Sessions Started","[Bunting, Reed] Number of Sessions Started"
"2018 Q2",36,11,6
---------
