title
"Number of Sessions Ended: by User"
parameters

start,end
2018-04-18,2018-04-30
---------
Month,"[Scaup, Lesser] Number of Sessions Ended","[Albatross, Yellow-nosed] Number of Sessions Ended","[Bunting, Reed] Number of Sessions Ended"
2018-04,36,11,6
---------
